Copyright 1986-2018 Xilinx, Inc. All Rights Reserved.
------------------------------------------------------------------------------------------------
| Tool Version : Vivado v.2018.2.2 (lin64) Build 2348494 Mon Oct  1 18:25:39 MDT 2018
| Date         : Sat Oct 13 19:00:09 2018
| Host         : jdm-510 running 64-bit Ubuntu 18.04.1 LTS
| Command      : report_control_sets -verbose -file MB_freeRTOS_wrapper_control_sets_placed.rpt
| Design       : MB_freeRTOS_wrapper
| Device       : xc7z020
------------------------------------------------------------------------------------------------

Control Set Information

Table of Contents
-----------------
1. Summary
2. Histogram
3. Flip-Flop Distribution
4. Detailed Control Set Information

1. Summary
----------

+----------------------------------------------------------+-------+
|                          Status                          | Count |
+----------------------------------------------------------+-------+
| Number of unique control sets                            |   119 |
| Unused register locations in slices containing registers |   278 |
+----------------------------------------------------------+-------+


2. Histogram
------------

+--------+--------------+
| Fanout | Control Sets |
+--------+--------------+
|      2 |           20 |
|      4 |            2 |
|      6 |            2 |
|      8 |           14 |
|     10 |            2 |
|     12 |            8 |
|     14 |            2 |
|    16+ |           69 |
+--------+--------------+


3. Flip-Flop Distribution
-------------------------

+--------------+-----------------------+------------------------+-----------------+--------------+
| Clock Enable | Synchronous Set/Reset | Asynchronous Set/Reset | Total Registers | Total Slices |
+--------------+-----------------------+------------------------+-----------------+--------------+
| No           | No                    | No                     |             858 |          149 |
| No           | No                    | Yes                    |              58 |           10 |
| No           | Yes                   | No                     |             764 |          155 |
| Yes          | No                    | No                     |            1588 |          192 |
| Yes          | No                    | Yes                    |              30 |            8 |
| Yes          | Yes                   | No                     |            1312 |          225 |
+--------------+-----------------------+------------------------+-----------------+--------------+


4. Detailed Control Set Information
-----------------------------------

+----------------------------------------------------------------+--------------------------------------------------------------------------------------------------------------------------------------------------------------------------------------------------------------+--------------------------------------------------------------------------------------------------------------------------------------------------------------------------------+------------------+----------------+
|                          Clock Signal                          |                                                                                                 Enable Signal                                                                                                |                                                                                Set/Reset Signal                                                                                | Slice Load Count | Bel Load Count |
+----------------------------------------------------------------+--------------------------------------------------------------------------------------------------------------------------------------------------------------------------------------------------------------+--------------------------------------------------------------------------------------------------------------------------------------------------------------------------------+------------------+----------------+
|  MB_freeRTOS_i/mdm_1/U0/No_Dbg_Reg_Access.BUFG_DRCK/Dbg_Clk_31 | MB_freeRTOS_i/mdm_1/U0/Use_E2.BSCAN_I/Dbg_Capture_0                                                                                                                                                          | MB_freeRTOS_i/mdm_1/U0/MDM_Core_I1/JTAG_CONTROL_I/sel_with_scan_reset19_out                                                                                                    |                1 |              2 |
|  MB_freeRTOS_i/processing_system7_0/inst/FCLK_CLK0             |                                                                                                                                                                                                              | MB_freeRTOS_i/microblaze_0/U0/MicroBlaze_Core_I/Area.Core/Decode_I/Using_FPGA.New_Carry_MUXCY/Using_FPGA.Native_0                                                              |                1 |              2 |
|  MB_freeRTOS_i/processing_system7_0/inst/FCLK_CLK0             |                                                                                                                                                                                                              | MB_freeRTOS_i/microblaze_0/U0/MicroBlaze_Core_I/Area.Core/Decode_I/Using_FPGA.Using_Breakable_Pipe.Take_Intr_MUXCY_3/Using_FPGA.Native_1                                       |                1 |              2 |
|  MB_freeRTOS_i/processing_system7_0/inst/FCLK_CLK0             |                                                                                                                                                                                                              | MB_freeRTOS_i/axi_timer_0/U0/TC_CORE_I/TIMER_CONTROL_I/READ_DONE1_I_i_1_n_0                                                                                                    |                1 |              2 |
|  MB_freeRTOS_i/processing_system7_0/inst/FCLK_CLK0             |                                                                                                                                                                                                              | MB_freeRTOS_i/axi_timer_0/U0/TC_CORE_I/TIMER_CONTROL_I/R_0                                                                                                                     |                1 |              2 |
|  MB_freeRTOS_i/processing_system7_0/inst/FCLK_CLK0             |                                                                                                                                                                                                              | MB_freeRTOS_i/axi_timer_0/U0/AXI4_LITE_I/I_SLAVE_ATTACHMENT/I_DECODER/TCSR0_GENERATE[23].TCSR0_FF_I                                                                            |                1 |              2 |
|  MB_freeRTOS_i/processing_system7_0/inst/FCLK_CLK0             |                                                                                                                                                                                                              | MB_freeRTOS_i/microblaze_0/U0/MicroBlaze_Core_I/Area.Core/Decode_I/MSR_Rst                                                                                                     |                1 |              2 |
|  MB_freeRTOS_i/processing_system7_0/inst/FCLK_CLK0             |                                                                                                                                                                                                              | MB_freeRTOS_i/microblaze_0/U0/MicroBlaze_Core_I/Area.Core/Decode_I/exception_kind[0]                                                                                           |                1 |              2 |
|  MB_freeRTOS_i/processing_system7_0/inst/FCLK_CLK0             |                                                                                                                                                                                                              | MB_freeRTOS_i/microblaze_0/U0/MicroBlaze_Core_I/Area.Core/Implement_Debug_Logic.Master_Core.Debug_Area/Area_Debug_Control.Dbg_Inhibit_EX_FDRSE/Using_FPGA.Native_i_1__134_n_0  |                1 |              2 |
|  MB_freeRTOS_i/processing_system7_0/inst/FCLK_CLK0             |                                                                                                                                                                                                              | MB_freeRTOS_i/axi_timer_0/U0/AXI4_LITE_I/I_SLAVE_ATTACHMENT/I_DECODER/TCSR1_GENERATE[23].TCSR1_FF_I                                                                            |                1 |              2 |
| ~MB_freeRTOS_i/mdm_1/U0/No_Dbg_Reg_Access.BUFG_DRCK/Dbg_Clk_31 | MB_freeRTOS_i/mdm_1/U0/MDM_Core_I1/JTAG_CONTROL_I/Use_BSCAN.FDC_I/CE                                                                                                                                         | MB_freeRTOS_i/mdm_1/U0/MDM_Core_I1/JTAG_CONTROL_I/Use_BSCAN.FDC_I/D_1                                                                                                          |                1 |              2 |
|  MB_freeRTOS_i/processing_system7_0/inst/FCLK_CLK0             |                                                                                                                                                                                                              | MB_freeRTOS_i/microblaze_0/U0/MicroBlaze_Core_I/Area.Core/Implement_Debug_Logic.Master_Core.Debug_Area/Area_Debug_Control.Stop_CPU_FDRSE/Using_FPGA.Native_i_1__133_n_0        |                1 |              2 |
|  MB_freeRTOS_i/processing_system7_0/inst/FCLK_CLK0             |                                                                                                                                                                                                              | MB_freeRTOS_i/microblaze_0/U0/MicroBlaze_Core_I/Area.Core/Implement_Debug_Logic.Master_Core.Debug_Area/Area_Debug_Control.Stop_Instr_Fetch_FDRSE/Using_FPGA.Native_i_1__78_n_0 |                1 |              2 |
|  MB_freeRTOS_i/processing_system7_0/inst/FCLK_CLK0             |                                                                                                                                                                                                              | MB_freeRTOS_i/microblaze_0/U0/MicroBlaze_Core_I/Area.Core/Implement_Debug_Logic.Master_Core.Debug_Area/capture_1                                                               |                1 |              2 |
|  MB_freeRTOS_i/mdm_1/U0/Use_E2.BSCAN_I/Ext_JTAG_UPDATE         | MB_freeRTOS_i/microblaze_0/U0/MicroBlaze_Core_I/Area.Core/Implement_Debug_Logic.Master_Core.Debug_Area/Control_Reg_En                                                                                        | MB_freeRTOS_i/microblaze_0/U0/MicroBlaze_Core_I/Area.Core/Implement_Debug_Logic.Master_Core.Debug_Area/Serial_Dbg_Intf.continue_from_brk_reg_n_0                               |                1 |              2 |
|  MB_freeRTOS_i/mdm_1/U0/Use_E2.BSCAN_I/Ext_JTAG_UPDATE         | MB_freeRTOS_i/microblaze_0/U0/MicroBlaze_Core_I/Area.Core/Implement_Debug_Logic.Master_Core.Debug_Area/Control_Reg_En                                                                                        | MB_freeRTOS_i/microblaze_0/U0/MicroBlaze_Core_I/Area.Core/Implement_Debug_Logic.Master_Core.Debug_Area/normal_stop_cmd_rst20_out                                               |                1 |              2 |
|  MB_freeRTOS_i/mdm_1/U0/Use_E2.BSCAN_I/Ext_JTAG_UPDATE         | MB_freeRTOS_i/microblaze_0/U0/MicroBlaze_Core_I/Area.Core/Implement_Debug_Logic.Master_Core.Debug_Area/Control_Reg_En                                                                                        | MB_freeRTOS_i/microblaze_0/U0/MicroBlaze_Core_I/Area.Core/Implement_Debug_Logic.Master_Core.Debug_Area/start_single_step_reg_n_0                                               |                1 |              2 |
|  MB_freeRTOS_i/mdm_1/U0/Use_E2.BSCAN_I/Ext_JTAG_UPDATE         | MB_freeRTOS_i/microblaze_0/U0/MicroBlaze_Core_I/Area.Core/Implement_Debug_Logic.Master_Core.Debug_Area/Control_Reg_En                                                                                        | MB_freeRTOS_i/microblaze_0/U0/MicroBlaze_Core_I/Area.Core/Implement_Debug_Logic.Master_Core.Debug_Area/force_stop_cmd_rst21_out                                                |                1 |              2 |
|  MB_freeRTOS_i/processing_system7_0/inst/FCLK_CLK0             | MB_freeRTOS_i/microblaze_0/U0/MicroBlaze_Core_I/Area.Core/Decode_I/Using_FPGA.of_PipeRun_MuxCY_1/Using_FPGA.Native_0                                                                                         | MB_freeRTOS_i/microblaze_0/U0/MicroBlaze_Core_I/Area.Core/Decode_I/Using_FPGA.of_PipeRun_MuxCY_1/Unsigned_Op_reg                                                               |                1 |              2 |
| ~MB_freeRTOS_i/mdm_1/U0/Use_E2.BSCAN_I/Ext_JTAG_UPDATE         |                                                                                                                                                                                                              | MB_freeRTOS_i/mdm_1/U0/MDM_Core_I1/JTAG_CONTROL_I/sel_n                                                                                                                        |                1 |              2 |
|  MB_freeRTOS_i/processing_system7_0/inst/FCLK_CLK0             | MB_freeRTOS_i/microblaze_0_axi_periph/s01_couplers/auto_pc/inst/gen_axilite.gen_b2s_conv.axilite_b2s/WR.b_channel_0/bid_fifo_0/bresp_push                                                                    |                                                                                                                                                                                |                1 |              4 |
|  MB_freeRTOS_i/mdm_1/U0/Use_E2.BSCAN_I/Ext_JTAG_UPDATE         | MB_freeRTOS_i/microblaze_0/U0/MicroBlaze_Core_I/Area.Core/Implement_Debug_Logic.Master_Core.Debug_Area/Command_Reg_En                                                                                        | MB_freeRTOS_i/microblaze_0/U0/MicroBlaze_Core_I/Area.Core/Implement_Debug_Logic.Master_Core.Debug_Area/command_reg_clear                                                       |                1 |              4 |
|  MB_freeRTOS_i/mdm_1/U0/Use_E2.BSCAN_I/Ext_JTAG_UPDATE         |                                                                                                                                                                                                              |                                                                                                                                                                                |                2 |              6 |
|  MB_freeRTOS_i/processing_system7_0/inst/FCLK_CLK0             | MB_freeRTOS_i/microblaze_0/U0/MicroBlaze_Core_I/Area.Core/Decode_I/Using_FPGA.of_PipeRun_MuxCY_1/OF_PipeRun                                                                                                  | MB_freeRTOS_i/microblaze_0/U0/MicroBlaze_Core_I/sync_reset                                                                                                                     |                1 |              6 |
|  MB_freeRTOS_i/processing_system7_0/inst/FCLK_CLK0             | MB_freeRTOS_i/microblaze_0_axi_periph/xbar/inst/gen_sasd.crossbar_sasd_0/addr_arbiter_inst/m_grant_enc_i                                                                                                     | MB_freeRTOS_i/microblaze_0_axi_periph/xbar/inst/gen_sasd.crossbar_sasd_0/addr_arbiter_inst/SR[0]                                                                               |                1 |              8 |
|  MB_freeRTOS_i/processing_system7_0/inst/FCLK_CLK0             |                                                                                                                                                                                                              | MB_freeRTOS_i/microblaze_0/U0/MicroBlaze_Core_I/Area.Core/Implement_Debug_Logic.Master_Core.Debug_Area/Area_Debug_Control.Stop_CPU_FDRSE/R                                     |                2 |              8 |
|  MB_freeRTOS_i/processing_system7_0/inst/FCLK_CLK0             | MB_freeRTOS_i/microblaze_0_axi_periph/s01_couplers/auto_pc/inst/gen_axilite.gen_b2s_conv.axilite_b2s/RD.ar_channel_0/ar_cmd_fsm_0/E[0]                                                                       | MB_freeRTOS_i/microblaze_0_axi_periph/s01_couplers/auto_pc/inst/gen_axilite.gen_b2s_conv.axilite_b2s/RD.ar_channel_0/ar_cmd_fsm_0/axlen_cnt_reg[7]                             |                1 |              8 |
|  MB_freeRTOS_i/processing_system7_0/inst/FCLK_CLK0             | MB_freeRTOS_i/microblaze_0/U0/MicroBlaze_Core_I/Area.Core/Decode_I/Using_FPGA.of_PipeRun_MuxCY_1/E[0]                                                                                                        |                                                                                                                                                                                |                2 |              8 |
|  MB_freeRTOS_i/processing_system7_0/inst/FCLK_CLK0             |                                                                                                                                                                                                              | MB_freeRTOS_i/microblaze_0_axi_periph/xbar/inst/gen_sasd.crossbar_sasd_0/addr_arbiter_inst/s_arvalid_reg                                                                       |                2 |              8 |
|  MB_freeRTOS_i/processing_system7_0/inst/FCLK_CLK0             |                                                                                                                                                                                                              | MB_freeRTOS_i/microblaze_0_axi_periph/s01_couplers/auto_pc/inst/gen_axilite.gen_b2s_conv.axilite_b2s/SI_REG/ar.ar_pipe/m_valid_i_reg_0                                         |                3 |              8 |
|  MB_freeRTOS_i/processing_system7_0/inst/FCLK_CLK0             |                                                                                                                                                                                                              | MB_freeRTOS_i/microblaze_0_axi_periph/s01_couplers/auto_pc/inst/gen_axilite.gen_b2s_conv.axilite_b2s/SI_REG/aw.aw_pipe/s_ready_i_reg_0                                         |                3 |              8 |
|  MB_freeRTOS_i/mdm_1/U0/Use_E2.BSCAN_I/Ext_JTAG_UPDATE         | MB_freeRTOS_i/mdm_1/U0/MDM_Core_I1/MDM_SEL                                                                                                                                                                   | MB_freeRTOS_i/mdm_1/U0/Use_E2.BSCAN_I/AR[0]                                                                                                                                    |                1 |              8 |
|  MB_freeRTOS_i/processing_system7_0/inst/FCLK_CLK0             | MB_freeRTOS_i/microblaze_0_axi_periph/s01_couplers/auto_pc/inst/gen_axilite.gen_b2s_conv.axilite_b2s/WR.aw_channel_0/aw_cmd_fsm_0/axaddr_wrap_reg[11][0]                                                     | MB_freeRTOS_i/microblaze_0_axi_periph/s01_couplers/auto_pc/inst/gen_axilite.gen_b2s_conv.axilite_b2s/WR.aw_channel_0/aw_cmd_fsm_0/axlen_cnt_reg[7]_1                           |                2 |              8 |
|  MB_freeRTOS_i/processing_system7_0/inst/FCLK_CLK0             | MB_freeRTOS_i/axi_timer_0/U0/AXI4_LITE_I/I_SLAVE_ATTACHMENT/bus2ip_addr_i[4]_i_1_n_0                                                                                                                         | MB_freeRTOS_i/axi_timer_0/U0/AXI4_LITE_I/I_SLAVE_ATTACHMENT/rst                                                                                                                |                1 |              8 |
|  MB_freeRTOS_i/processing_system7_0/inst/FCLK_CLK0             | MB_freeRTOS_i/axi_timer_0/U0/AXI4_LITE_I/I_SLAVE_ATTACHMENT/I_DECODER/pair0_Select                                                                                                                           | MB_freeRTOS_i/axi_timer_0/U0/TC_CORE_I/GEN_SECOND_TIMER.COUNTER_1_I/COUNTER_I/INFERRED_GEN.icount_out_reg[31]_0                                                                |                2 |              8 |
|  MB_freeRTOS_i/processing_system7_0/inst/FCLK_CLK0             |                                                                                                                                                                                                              | MB_freeRTOS_i/microblaze_0_axi_intc/U0/AXI_LITE_IPIF_I/I_SLAVE_ATTACHMENT/clear                                                                                                |                1 |              8 |
|  MB_freeRTOS_i/mdm_1/U0/No_Dbg_Reg_Access.BUFG_DRCK/Dbg_Clk_31 | MB_freeRTOS_i/mdm_1/U0/MDM_Core_I1/p_3_out                                                                                                                                                                   | MB_freeRTOS_i/mdm_1/U0/Use_E2.BSCAN_I/AR[0]                                                                                                                                    |                1 |              8 |
| ~MB_freeRTOS_i/mdm_1/U0/Use_E2.BSCAN_I/Ext_JTAG_UPDATE         |                                                                                                                                                                                                              | MB_freeRTOS_i/mdm_1/U0/Use_E2.BSCAN_I/AR[0]                                                                                                                                    |                1 |              8 |
|  MB_freeRTOS_i/mdm_1/U0/Use_E2.BSCAN_I/Ext_JTAG_UPDATE         | MB_freeRTOS_i/microblaze_0/U0/MicroBlaze_Core_I/Area.Core/Implement_Debug_Logic.Master_Core.Debug_Area/Control_Reg_En                                                                                        |                                                                                                                                                                                |                1 |             10 |
|  MB_freeRTOS_i/processing_system7_0/inst/FCLK_CLK0             |                                                                                                                                                                                                              | MB_freeRTOS_i/rst_clk_wiz_1_100M/U0/EXT_LPF/lpf_int                                                                                                                            |                2 |             10 |
|  MB_freeRTOS_i/processing_system7_0/inst/FCLK_CLK0             | MB_freeRTOS_i/rst_clk_wiz_1_100M/U0/SEQ/seq_cnt_en                                                                                                                                                           | MB_freeRTOS_i/rst_clk_wiz_1_100M/U0/SEQ/SEQ_COUNTER/clear                                                                                                                      |                1 |             12 |
|  MB_freeRTOS_i/mdm_1/U0/No_Dbg_Reg_Access.BUFG_DRCK/Dbg_Clk_31 | MB_freeRTOS_i/mdm_1/U0/Use_E2.BSCAN_I/Use_Serial_Unified_Completion.count_reg[5][0]                                                                                                                          |                                                                                                                                                                                |                3 |             12 |
|  MB_freeRTOS_i/mdm_1/U0/No_Dbg_Reg_Access.BUFG_DRCK/Dbg_Clk_31 | MB_freeRTOS_i/mdm_1/U0/Use_E2.BSCAN_I/E[0]                                                                                                                                                                   |                                                                                                                                                                                |                2 |             12 |
|  MB_freeRTOS_i/mdm_1/U0/No_Dbg_Reg_Access.BUFG_DRCK/Dbg_Clk_31 | MB_freeRTOS_i/mdm_1/U0/MDM_Core_I1/JTAG_CONTROL_I/Use_BSCAN.FDC_I/Use_Serial_Unified_Completion.sample_1_reg[10][0]                                                                                          |                                                                                                                                                                                |                1 |             12 |
|  MB_freeRTOS_i/processing_system7_0/inst/FCLK_CLK0             | MB_freeRTOS_i/microblaze_0_axi_periph/s01_mmu/inst/w_pop                                                                                                                                                     | MB_freeRTOS_i/microblaze_0_axi_periph/s01_mmu/inst/register_slice_inst/ar.ar_pipe/SR[0]                                                                                        |                2 |             12 |
|  MB_freeRTOS_i/processing_system7_0/inst/FCLK_CLK0             | MB_freeRTOS_i/microblaze_0_axi_periph/s01_mmu/inst/ar_pop                                                                                                                                                    | MB_freeRTOS_i/microblaze_0_axi_periph/s01_mmu/inst/register_slice_inst/ar.ar_pipe/SR[0]                                                                                        |                2 |             12 |
|  MB_freeRTOS_i/processing_system7_0/inst/FCLK_CLK0             |                                                                                                                                                                                                              | MB_freeRTOS_i/axi_timer_0/U0/AXI4_LITE_I/I_SLAVE_ATTACHMENT/INCLUDE_DPHASE_TIMER.dpto_cnt[5]_i_1_n_0                                                                           |                2 |             12 |
|  MB_freeRTOS_i/processing_system7_0/inst/FCLK_CLK0             | MB_freeRTOS_i/microblaze_0_axi_periph/s01_mmu/inst/aw_pop                                                                                                                                                    | MB_freeRTOS_i/microblaze_0_axi_periph/s01_mmu/inst/register_slice_inst/ar.ar_pipe/SR[0]                                                                                        |                2 |             12 |
|  MB_freeRTOS_i/processing_system7_0/inst/FCLK_CLK0             | MB_freeRTOS_i/microblaze_0/U0/MicroBlaze_Core_I/Area.Core/Decode_I/Using_FPGA.of_PipeRun_MuxCY_1/Using_FPGA.Native_0                                                                                         | MB_freeRTOS_i/microblaze_0/U0/MicroBlaze_Core_I/Area.Core/Decode_I/Using_FPGA.MUXCY_JUMP_CARRY3/R_1                                                                            |                1 |             14 |
|  MB_freeRTOS_i/processing_system7_0/inst/FCLK_CLK0             | MB_freeRTOS_i/axi_timer_0/U0/AXI4_LITE_I/I_SLAVE_ATTACHMENT/start2                                                                                                                                           | MB_freeRTOS_i/axi_timer_0/U0/AXI4_LITE_I/I_SLAVE_ATTACHMENT/I_DECODER/cs_ce_clr                                                                                                |                3 |             14 |
|  MB_freeRTOS_i/processing_system7_0/inst/FCLK_CLK0             | MB_freeRTOS_i/microblaze_0_axi_periph/s01_couplers/auto_pc/inst/gen_axilite.gen_b2s_conv.axilite_b2s/WR.b_channel_0/mhandshake_r                                                                             | MB_freeRTOS_i/microblaze_0_axi_periph/s01_couplers/auto_pc/inst/gen_axilite.gen_b2s_conv.axilite_b2s/WR.b_channel_0/bid_fifo_0/SR[0]                                           |                3 |             16 |
|  MB_freeRTOS_i/processing_system7_0/inst/FCLK_CLK0             | MB_freeRTOS_i/microblaze_0_axi_periph/s01_mmu/inst/decerr_slave_inst/gen_axi.gen_read.read_cnt[7]_i_1_n_0                                                                                                    | MB_freeRTOS_i/microblaze_0_axi_periph/s01_mmu/inst/register_slice_inst/ar.ar_pipe/SR[0]                                                                                        |                3 |             16 |
|  MB_freeRTOS_i/processing_system7_0/inst/FCLK_CLK0             | MB_freeRTOS_i/microblaze_0_axi_intc/U0/AXI_LITE_IPIF_I/I_SLAVE_ATTACHMENT/bus2ip_addr_i[8]_i_1_n_0                                                                                                           | MB_freeRTOS_i/microblaze_0_axi_intc/U0/AXI_LITE_IPIF_I/I_SLAVE_ATTACHMENT/rst                                                                                                  |                3 |             16 |
| ~MB_freeRTOS_i/mdm_1/U0/Use_E2.BSCAN_I/Ext_JTAG_UPDATE         | MB_freeRTOS_i/mdm_1/U0/MDM_Core_I1/JTAG_CONTROL_I/Use_BSCAN.command[0]_i_1_n_0                                                                                                                               |                                                                                                                                                                                |                2 |             16 |
|  MB_freeRTOS_i/processing_system7_0/inst/FCLK_CLK0             | MB_freeRTOS_i/axi_timer_0/U0/AXI4_LITE_I/I_SLAVE_ATTACHMENT/I_DECODER/bus2ip_wrce[0]                                                                                                                         | MB_freeRTOS_i/axi_timer_0/U0/TC_CORE_I/GEN_SECOND_TIMER.COUNTER_1_I/COUNTER_I/INFERRED_GEN.icount_out_reg[31]_0                                                                |                2 |             16 |
|  MB_freeRTOS_i/mdm_1/U0/Use_E2.BSCAN_I/Ext_JTAG_UPDATE         | MB_freeRTOS_i/mdm_1/U0/MDM_Core_I1/JTAG_CONTROL_I/Use_BSCAN.FDC_I/command_1_reg[7]_0[0]                                                                                                                      |                                                                                                                                                                                |                1 |             16 |
|  MB_freeRTOS_i/mdm_1/U0/No_Dbg_Reg_Access.BUFG_DRCK/Dbg_Clk_31 | MB_freeRTOS_i/mdm_1/U0/MDM_Core_I1/JTAG_CONTROL_I/tdi_shifter0                                                                                                                                               |                                                                                                                                                                                |                3 |             16 |
|  MB_freeRTOS_i/mdm_1/U0/No_Dbg_Reg_Access.BUFG_DRCK/Dbg_Clk_31 | MB_freeRTOS_i/microblaze_0/U0/MicroBlaze_Core_I/Area.Core/Implement_Debug_Logic.Master_Core.Debug_Area/Using_PC_Breakpoints.All_PC_Brks[0].Serial_Interface_1.address_hit_I/Compare[0].SRLC16E_I/which_pc__0 |                                                                                                                                                                                |                7 |             16 |
|  MB_freeRTOS_i/processing_system7_0/inst/FCLK_CLK0             | MB_freeRTOS_i/axi_timer_0/U0/AXI4_LITE_I/I_SLAVE_ATTACHMENT/I_DECODER/bus2ip_wrce[1]                                                                                                                         | MB_freeRTOS_i/axi_timer_0/U0/TC_CORE_I/GEN_SECOND_TIMER.COUNTER_1_I/COUNTER_I/INFERRED_GEN.icount_out_reg[31]_0                                                                |                3 |             18 |
|  MB_freeRTOS_i/processing_system7_0/inst/FCLK_CLK0             | MB_freeRTOS_i/microblaze_0/U0/MicroBlaze_Core_I/Area.Core/Decode_I/Using_FPGA.of_PipeRun_MuxCY_1/Using_FPGA.Native_0                                                                                         | MB_freeRTOS_i/microblaze_0/U0/MicroBlaze_Core_I/Area.Core/Decode_I/Using_FPGA.Using_Breakable_Pipe.Take_Intr_MUXCY_3/SR[0]                                                     |                4 |             18 |
|  MB_freeRTOS_i/mdm_1/U0/No_Dbg_Reg_Access.BUFG_DRCK/Dbg_Clk_31 | MB_freeRTOS_i/mdm_1/U0/MDM_Core_I1/JTAG_CONTROL_I/Use_BSCAN.FDC_I/E[0]                                                                                                                                       |                                                                                                                                                                                |                4 |             20 |
|  MB_freeRTOS_i/processing_system7_0/inst/FCLK_CLK0             |                                                                                                                                                                                                              | MB_freeRTOS_i/microblaze_0_axi_intc/U0/AXI_LITE_IPIF_I/I_SLAVE_ATTACHMENT/rst                                                                                                  |                4 |             22 |
|  MB_freeRTOS_i/processing_system7_0/inst/FCLK_CLK0             |                                                                                                                                                                                                              | MB_freeRTOS_i/axi_timer_0/U0/AXI4_LITE_I/I_SLAVE_ATTACHMENT/rst                                                                                                                |                5 |             22 |
|  MB_freeRTOS_i/processing_system7_0/inst/FCLK_CLK0             | MB_freeRTOS_i/microblaze_0_axi_periph/s01_mmu/inst/decerr_slave_inst/gen_axi.gen_read.s_axi_rid_i[11]_i_1_n_0                                                                                                | MB_freeRTOS_i/microblaze_0_axi_periph/s01_mmu/inst/register_slice_inst/ar.ar_pipe/SR[0]                                                                                        |                5 |             24 |
|  MB_freeRTOS_i/processing_system7_0/inst/FCLK_CLK0             | MB_freeRTOS_i/microblaze_0_axi_periph/s01_couplers/auto_pc/inst/gen_axilite.gen_b2s_conv.axilite_b2s/WR.aw_channel_0/cmd_translator_0/incr_cmd_0/axaddr_incr[11]_i_1_n_0                                     |                                                                                                                                                                                |                3 |             24 |
|  MB_freeRTOS_i/processing_system7_0/inst/FCLK_CLK0             | MB_freeRTOS_i/microblaze_0_axi_periph/s01_couplers/auto_pc/inst/gen_axilite.gen_b2s_conv.axilite_b2s/WR.aw_channel_0/aw_cmd_fsm_0/E[0]                                                                       |                                                                                                                                                                                |                6 |             24 |
|  MB_freeRTOS_i/processing_system7_0/inst/FCLK_CLK0             | MB_freeRTOS_i/microblaze_0_axi_periph/s01_couplers/auto_pc/inst/gen_axilite.gen_b2s_conv.axilite_b2s/RD.ar_channel_0/ar_cmd_fsm_0/wrap_boundary_axaddr_r_reg[11][0]                                          |                                                                                                                                                                                |                6 |             24 |
|  MB_freeRTOS_i/processing_system7_0/inst/FCLK_CLK0             | MB_freeRTOS_i/microblaze_0_axi_periph/s01_couplers/auto_pc/inst/gen_axilite.gen_b2s_conv.axilite_b2s/RD.ar_channel_0/ar_cmd_fsm_0/axaddr_incr_reg[0][0]                                                      |                                                                                                                                                                                |                4 |             24 |
|  MB_freeRTOS_i/processing_system7_0/inst/FCLK_CLK0             |                                                                                                                                                                                                              | MB_freeRTOS_i/axi_timer_0/U0/TC_CORE_I/GEN_SECOND_TIMER.COUNTER_1_I/COUNTER_I/INFERRED_GEN.icount_out_reg[31]_0                                                                |                4 |             24 |
|  MB_freeRTOS_i/processing_system7_0/inst/FCLK_CLK0             | MB_freeRTOS_i/microblaze_0_axi_periph/s01_mmu/inst/decerr_slave_inst/gen_axi.gen_write.s_axi_bid_i[11]_i_1_n_0                                                                                               | MB_freeRTOS_i/microblaze_0_axi_periph/s01_mmu/inst/register_slice_inst/ar.ar_pipe/SR[0]                                                                                        |                3 |             24 |
|  MB_freeRTOS_i/processing_system7_0/inst/FCLK_CLK0             |                                                                                                                                                                                                              | MB_freeRTOS_i/microblaze_0_axi_periph/xbar/inst/gen_sasd.crossbar_sasd_0/addr_arbiter_inst/SR[0]                                                                               |                6 |             24 |
|  MB_freeRTOS_i/processing_system7_0/inst/FCLK_CLK0             | MB_freeRTOS_i/microblaze_0_axi_periph/s01_couplers/auto_pc/inst/gen_axilite.gen_b2s_conv.axilite_b2s/RD.r_channel_0/r_push_r                                                                                 |                                                                                                                                                                                |                4 |             26 |
|  MB_freeRTOS_i/processing_system7_0/inst/FCLK_CLK0             |                                                                                                                                                                                                              | MB_freeRTOS_i/microblaze_0_axi_periph/s01_mmu/inst/register_slice_inst/ar.ar_pipe/SR[0]                                                                                        |                9 |             28 |
|  MB_freeRTOS_i/processing_system7_0/inst/FCLK_CLK0             | MB_freeRTOS_i/microblaze_0_axi_periph/s01_couplers/auto_pc/inst/gen_axilite.gen_b2s_conv.axilite_b2s/SI_REG/b.b_pipe/p_1_in                                                                                  |                                                                                                                                                                                |                3 |             28 |
|  MB_freeRTOS_i/processing_system7_0/inst/FCLK_CLK0             | MB_freeRTOS_i/microblaze_0_axi_periph/s01_couplers/auto_pc/inst/gen_axilite.gen_b2s_conv.axilite_b2s/SI_REG/b.b_pipe/skid_buffer_reg[0]_0                                                                    |                                                                                                                                                                                |                2 |             28 |
|  MB_freeRTOS_i/processing_system7_0/inst/FCLK_CLK0             | MB_freeRTOS_i/microblaze_0_axi_periph/xbar/inst/gen_sasd.crossbar_sasd_0/reg_slice_r/aa_rready                                                                                                               |                                                                                                                                                                                |                7 |             30 |
|  MB_freeRTOS_i/processing_system7_0/inst/FCLK_CLK0             | MB_freeRTOS_i/microblaze_0/U0/MicroBlaze_Core_I/Area.Core/Decode_I/PreFetch_Buffer_I/of_valid_FDR_I/E[0]                                                                                                     | MB_freeRTOS_i/microblaze_0/U0/MicroBlaze_Core_I/sync_reset                                                                                                                     |                8 |             32 |
|  MB_freeRTOS_i/processing_system7_0/inst/FCLK_CLK0             | MB_freeRTOS_i/microblaze_0_axi_periph/s01_couplers/auto_pc/inst/gen_axilite.gen_b2s_conv.axilite_b2s/WR.aw_channel_0/aw_cmd_fsm_0/b_push                                                                     |                                                                                                                                                                                |                3 |             32 |
|  MB_freeRTOS_i/processing_system7_0/inst/FCLK_CLK0             |                                                                                                                                                                                                              | MB_freeRTOS_i/microblaze_0/U0/MicroBlaze_Core_I/Area.Core/Decode_I/ex_not_mul_op                                                                                               |               10 |             34 |
|  MB_freeRTOS_i/processing_system7_0/inst/FCLK_CLK0             | MB_freeRTOS_i/microblaze_0_axi_intc/U0/AXI_LITE_IPIF_I/I_SLAVE_ATTACHMENT/start2                                                                                                                             | MB_freeRTOS_i/microblaze_0_axi_intc/U0/AXI_LITE_IPIF_I/I_SLAVE_ATTACHMENT/I_DECODER/cs_ce_clr                                                                                  |                4 |             34 |
|  MB_freeRTOS_i/processing_system7_0/inst/FCLK_CLK0             | MB_freeRTOS_i/microblaze_0_axi_periph/s01_couplers/auto_pc/inst/gen_axilite.gen_b2s_conv.axilite_b2s/WR.aw_channel_0/aw_cmd_fsm_0/axaddr_wrap_reg[11][0]                                                     |                                                                                                                                                                                |                9 |             40 |
|  MB_freeRTOS_i/processing_system7_0/inst/FCLK_CLK0             | MB_freeRTOS_i/microblaze_0_axi_periph/s01_couplers/auto_pc/inst/gen_axilite.gen_b2s_conv.axilite_b2s/RD.ar_channel_0/ar_cmd_fsm_0/E[0]                                                                       |                                                                                                                                                                                |                8 |             40 |
|  MB_freeRTOS_i/processing_system7_0/inst/FCLK_CLK0             |                                                                                                                                                                                                              | MB_freeRTOS_i/microblaze_0_axi_intc/U0/INTC_CORE_I/IRQ_LEVEL_GEN.IRQ_LEVEL_FAST_ON_AXI_CLK_GEN.Irq_reg_0                                                                       |                6 |             44 |
|  MB_freeRTOS_i/mdm_1/U0/No_Dbg_Reg_Access.BUFG_DRCK/Dbg_Clk_31 |                                                                                                                                                                                                              | MB_freeRTOS_i/mdm_1/U0/Use_E2.BSCAN_I/shift_n_reset1_out                                                                                                                       |                7 |             46 |
|  MB_freeRTOS_i/processing_system7_0/inst/FCLK_CLK0             | MB_freeRTOS_i/axi_timer_0/U0/TC_CORE_I/TIMER_CONTROL_I/INPUT_DOUBLE_REGS3/INFERRED_GEN.icount_out_reg[0]                                                                                                     | MB_freeRTOS_i/axi_timer_0/U0/TC_CORE_I/GEN_SECOND_TIMER.COUNTER_1_I/COUNTER_I/INFERRED_GEN.icount_out_reg[31]_0                                                                |                5 |             64 |
|  MB_freeRTOS_i/processing_system7_0/inst/FCLK_CLK0             | MB_freeRTOS_i/axi_timer_0/U0/TC_CORE_I/TIMER_CONTROL_I/INPUT_DOUBLE_REGS3/INFERRED_GEN.icount_out_reg[0]_0                                                                                                   | MB_freeRTOS_i/axi_timer_0/U0/TC_CORE_I/GEN_SECOND_TIMER.COUNTER_1_I/COUNTER_I/INFERRED_GEN.icount_out_reg[31]_0                                                                |                5 |             64 |
|  MB_freeRTOS_i/processing_system7_0/inst/FCLK_CLK0             | MB_freeRTOS_i/axi_timer_0/U0/TC_CORE_I/TIMER_CONTROL_I/CE_0                                                                                                                                                  | MB_freeRTOS_i/axi_timer_0/U0/TC_CORE_I/GEN_SECOND_TIMER.COUNTER_1_I/COUNTER_I/INFERRED_GEN.icount_out_reg[31]_0                                                                |               10 |             64 |
|  MB_freeRTOS_i/processing_system7_0/inst/FCLK_CLK0             | MB_freeRTOS_i/axi_timer_0/U0/AXI4_LITE_I/I_SLAVE_ATTACHMENT/s_axi_rresp_i                                                                                                                                    | MB_freeRTOS_i/axi_timer_0/U0/AXI4_LITE_I/I_SLAVE_ATTACHMENT/rst                                                                                                                |               32 |             64 |
|  MB_freeRTOS_i/processing_system7_0/inst/FCLK_CLK0             | MB_freeRTOS_i/axi_timer_0/U0/TC_CORE_I/TIMER_CONTROL_I/CE                                                                                                                                                    | MB_freeRTOS_i/axi_timer_0/U0/TC_CORE_I/GEN_SECOND_TIMER.COUNTER_1_I/COUNTER_I/INFERRED_GEN.icount_out_reg[31]_0                                                                |               13 |             64 |
|  MB_freeRTOS_i/processing_system7_0/inst/FCLK_CLK0             | MB_freeRTOS_i/microblaze_0/U0/MicroBlaze_Core_I/Area.Core/Decode_I/Using_FPGA.MUXCY_JUMP_CARRY3/PC_Write                                                                                                     | MB_freeRTOS_i/microblaze_0/U0/MicroBlaze_Core_I/sync_reset                                                                                                                     |                8 |             64 |
|  MB_freeRTOS_i/processing_system7_0/inst/FCLK_CLK0             | MB_freeRTOS_i/microblaze_0_axi_periph/xbar/inst/gen_sasd.crossbar_sasd_0/reg_slice_r/s_axi_rvalid[0]                                                                                                         | MB_freeRTOS_i/microblaze_0/U0/MicroBlaze_Core_I/sync_reset                                                                                                                     |               14 |             64 |
|  MB_freeRTOS_i/mdm_1/U0/No_Dbg_Reg_Access.BUFG_DRCK/Dbg_Clk_31 | MB_freeRTOS_i/microblaze_0/U0/MicroBlaze_Core_I/Area.Core/Implement_Debug_Logic.Master_Core.Debug_Area/New_Dbg_Instr_TCK                                                                                     |                                                                                                                                                                                |               10 |             64 |
|  MB_freeRTOS_i/processing_system7_0/inst/FCLK_CLK0             | MB_freeRTOS_i/microblaze_0/U0/MicroBlaze_Core_I/Area.Core/Decode_I/Using_FPGA.of_PipeRun_MuxCY_1/OF_PipeRun                                                                                                  |                                                                                                                                                                                |                6 |             64 |
|  MB_freeRTOS_i/processing_system7_0/inst/FCLK_CLK0             | MB_freeRTOS_i/microblaze_0/U0/MicroBlaze_Core_I/Area.Core/Decode_I/Using_FPGA.of_PipeRun_MuxCY_1/Using_FPGA.Native_0                                                                                         |                                                                                                                                                                                |               19 |             64 |
|  MB_freeRTOS_i/processing_system7_0/inst/FCLK_CLK0             | MB_freeRTOS_i/microblaze_0/U0/MicroBlaze_Core_I/Area.Core/Implement_Debug_Logic.Master_Core.Debug_Area/Area_Debug_Control.Stop_Instr_Fetch_FDRSE/E[0]                                                        | MB_freeRTOS_i/microblaze_0/U0/MicroBlaze_Core_I/sync_reset                                                                                                                     |                9 |             64 |
|  MB_freeRTOS_i/processing_system7_0/inst/FCLK_CLK0             |                                                                                                                                                                                                              | MB_freeRTOS_i/microblaze_0/U0/MicroBlaze_Core_I/Area.Core/Decode_I/SR[0]                                                                                                       |               15 |             66 |
|  MB_freeRTOS_i/processing_system7_0/inst/FCLK_CLK0             | MB_freeRTOS_i/microblaze_0_axi_intc/U0/AXI_LITE_IPIF_I/I_SLAVE_ATTACHMENT/s_axi_rresp_i                                                                                                                      | MB_freeRTOS_i/microblaze_0_axi_intc/U0/AXI_LITE_IPIF_I/I_SLAVE_ATTACHMENT/rst                                                                                                  |                9 |             66 |
|  MB_freeRTOS_i/processing_system7_0/inst/FCLK_CLK0             | MB_freeRTOS_i/microblaze_0_axi_periph/s01_couplers/auto_pc/inst/gen_axilite.gen_b2s_conv.axilite_b2s/RD.r_channel_0/rd_data_fifo_0/wr_en0                                                                    |                                                                                                                                                                                |                9 |             68 |
|  MB_freeRTOS_i/processing_system7_0/inst/FCLK_CLK0             | MB_freeRTOS_i/microblaze_0_axi_periph/xbar/inst/gen_sasd.crossbar_sasd_0/addr_arbiter_inst/p_0_in                                                                                                            | MB_freeRTOS_i/microblaze_0_axi_periph/xbar/inst/gen_sasd.crossbar_sasd_0/addr_arbiter_inst/SR[0]                                                                               |               12 |             70 |
|  MB_freeRTOS_i/processing_system7_0/inst/FCLK_CLK0             | MB_freeRTOS_i/microblaze_0_axi_periph/xbar/inst/gen_sasd.crossbar_sasd_0/addr_arbiter_inst/E[0]                                                                                                              |                                                                                                                                                                                |                8 |             70 |
|  MB_freeRTOS_i/mdm_1/U0/No_Dbg_Reg_Access.BUFG_DRCK/Dbg_Clk_31 | MB_freeRTOS_i/mdm_1/U0/Use_E2.BSCAN_I/Dbg_Capture_0                                                                                                                                                          |                                                                                                                                                                                |               13 |             94 |
|  MB_freeRTOS_i/processing_system7_0/inst/FCLK_CLK0             | MB_freeRTOS_i/microblaze_0_axi_periph/s01_couplers/auto_pc/inst/gen_axilite.gen_b2s_conv.axilite_b2s/SI_REG/r.r_pipe/skid_buffer_reg[0]_0                                                                    |                                                                                                                                                                                |                9 |             94 |
|  MB_freeRTOS_i/processing_system7_0/inst/FCLK_CLK0             | MB_freeRTOS_i/microblaze_0_axi_periph/s01_couplers/auto_pc/inst/gen_axilite.gen_b2s_conv.axilite_b2s/SI_REG/r.r_pipe/p_1_in                                                                                  |                                                                                                                                                                                |               10 |             94 |
|  MB_freeRTOS_i/processing_system7_0/inst/FCLK_CLK0             | MB_freeRTOS_i/microblaze_0_axi_periph/s01_couplers/auto_pc/inst/gen_axilite.gen_b2s_conv.axilite_b2s/RD.ar_channel_0/ar_cmd_fsm_0/m_payload_i_reg[0]_1[0]                                                    |                                                                                                                                                                                |                8 |            110 |
|  MB_freeRTOS_i/processing_system7_0/inst/FCLK_CLK0             | MB_freeRTOS_i/microblaze_0_axi_periph/s01_couplers/auto_pc/inst/gen_axilite.gen_b2s_conv.axilite_b2s/SI_REG/ar.ar_pipe/s_axi_arready                                                                         |                                                                                                                                                                                |                8 |            110 |
|  MB_freeRTOS_i/processing_system7_0/inst/FCLK_CLK0             | MB_freeRTOS_i/microblaze_0_axi_periph/s01_couplers/auto_pc/inst/gen_axilite.gen_b2s_conv.axilite_b2s/SI_REG/aw.aw_pipe/s_axi_awready                                                                         |                                                                                                                                                                                |                9 |            110 |
|  MB_freeRTOS_i/processing_system7_0/inst/FCLK_CLK0             | MB_freeRTOS_i/microblaze_0_axi_periph/s01_mmu/inst/register_slice_inst/ar.ar_pipe/m_payload_i[62]_i_1__0_n_0                                                                                                 |                                                                                                                                                                                |                9 |            110 |
|  MB_freeRTOS_i/processing_system7_0/inst/FCLK_CLK0             | MB_freeRTOS_i/microblaze_0_axi_periph/s01_mmu/inst/register_slice_inst/aw.aw_pipe/m_payload_i[62]_i_1_n_0                                                                                                    |                                                                                                                                                                                |                8 |            110 |
|  MB_freeRTOS_i/processing_system7_0/inst/FCLK_CLK0             | MB_freeRTOS_i/microblaze_0_axi_periph/s01_couplers/auto_pc/inst/gen_axilite.gen_b2s_conv.axilite_b2s/WR.aw_channel_0/aw_cmd_fsm_0/m_payload_i_reg[0][0]                                                      |                                                                                                                                                                                |                8 |            110 |
|  MB_freeRTOS_i/processing_system7_0/inst/FCLK_CLK0             |                                                                                                                                                                                                              | MB_freeRTOS_i/microblaze_0_axi_periph/s01_couplers/auto_pc/inst/gen_axilite.gen_b2s_conv.axilite_b2s/areset_d1                                                                 |               16 |            120 |
|  MB_freeRTOS_i/processing_system7_0/inst/FCLK_CLK0             |                                                                                                                                                                                                              | MB_freeRTOS_i/microblaze_0/U0/MicroBlaze_Core_I/Area.Core/Decode_I/in0                                                                                                         |               29 |            126 |
|  MB_freeRTOS_i/processing_system7_0/inst/FCLK_CLK0             | MB_freeRTOS_i/microblaze_0_axi_intc/U0/AXI_LITE_IPIF_I/I_SLAVE_ATTACHMENT/I_DECODER/bus2ip_wrce[0]                                                                                                           |                                                                                                                                                                                |                8 |            128 |
|  MB_freeRTOS_i/processing_system7_0/inst/FCLK_CLK0             | MB_freeRTOS_i/microblaze_0/U0/MicroBlaze_Core_I/Area.Core/Decode_I/Using_FPGA.clean_iReady_MuxCY/IReady                                                                                                      |                                                                                                                                                                                |               16 |            128 |
|  MB_freeRTOS_i/processing_system7_0/inst/FCLK_CLK0             | MB_freeRTOS_i/microblaze_0/U0/MicroBlaze_Core_I/Area.Core/Using_Ext_Databus.DAXI_Interface_I1/new_request                                                                                                    | MB_freeRTOS_i/microblaze_0/U0/MicroBlaze_Core_I/sync_reset                                                                                                                     |               22 |            136 |
|  MB_freeRTOS_i/mdm_1/U0/No_Dbg_Reg_Access.BUFG_DRCK/Dbg_Clk_31 |                                                                                                                                                                                                              |                                                                                                                                                                                |               35 |            162 |
|  MB_freeRTOS_i/processing_system7_0/inst/FCLK_CLK0             |                                                                                                                                                                                                              | MB_freeRTOS_i/microblaze_0/U0/MicroBlaze_Core_I/sync_reset                                                                                                                     |               25 |            170 |
|  MB_freeRTOS_i/processing_system7_0/inst/FCLK_CLK0             | MB_freeRTOS_i/microblaze_0/U0/MicroBlaze_Core_I/Area.Core/Decode_I/Using_FPGA.of_PipeRun_MuxCY_1/Using_FPGA.Native_0                                                                                         | MB_freeRTOS_i/microblaze_0/U0/MicroBlaze_Core_I/sync_reset                                                                                                                     |               27 |            188 |
|  MB_freeRTOS_i/processing_system7_0/inst/FCLK_CLK0             | MB_freeRTOS_i/microblaze_0/U0/MicroBlaze_Core_I/Area.Core/Decode_I/Reg_Write                                                                                                                                 |                                                                                                                                                                                |               32 |            256 |
|  MB_freeRTOS_i/processing_system7_0/inst/FCLK_CLK0             |                                                                                                                                                                                                              |                                                                                                                                                                                |              119 |            726 |
+----------------------------------------------------------------+--------------------------------------------------------------------------------------------------------------------------------------------------------------------------------------------------------------+--------------------------------------------------------------------------------------------------------------------------------------------------------------------------------+------------------+----------------+


